// Jest Snapshot v1, https://goo.gl/fbAQLP

exports[`renders the landing page without crashing 1`] = `
<div>
  <div
    className="page"
  >
    <div>
      <div
        className="landing-page"
      >
        <div
          className="makeStyles-header-7"
        >
          <header
            className="MuiPaper-root MuiPaper-elevation4 MuiAppBar-root MuiAppBar-positionFixed MuiAppBar-colorPrimary mui-fixed"
          >
            <div
              className="MuiToolbar-root MuiToolbar-regular MuiToolbar-gutters"
            >
              <div
                className="makeStyles-titleContainer-8"
              >
                <a
                  aria-disabled={false}
                  className="MuiButtonBase-root MuiButton-root MuiButton-text makeStyles-titleLandingPage-9 MuiButton-colorInherit"
                  href="/"
                  onBlur={[Function]}
                  onClick={[Function]}
                  onDragLeave={[Function]}
                  onFocus={[Function]}
                  onKeyDown={[Function]}
                  onKeyUp={[Function]}
                  onMouseDown={[Function]}
                  onMouseLeave={[Function]}
                  onMouseUp={[Function]}
                  onTouchEnd={[Function]}
                  onTouchMove={[Function]}
                  onTouchStart={[Function]}
                  role="button"
                  tabIndex={0}
                >
                  <span
                    className="MuiButton-label"
                  >
                    Código Aventura
                  </span>
                  <span
                    className="MuiTouchRipple-root"
                  />
                </a>
              </div>
              <a
                aria-disabled={false}
                className="MuiButtonBase-root MuiButton-root MuiButton-contained makeStyles-loginButtonLandingPage-10"
                href="/signin"
                onBlur={[Function]}
                onClick={[Function]}
                onDragLeave={[Function]}
                onFocus={[Function]}
                onKeyDown={[Function]}
                onKeyUp={[Function]}
                onMouseDown={[Function]}
                onMouseLeave={[Function]}
                onMouseUp={[Function]}
                onTouchEnd={[Function]}
                onTouchMove={[Function]}
                onTouchStart={[Function]}
                role="button"
                tabIndex={0}
              >
                <span
                  className="MuiButton-label"
                >
                  Iniciar Sesión
                </span>
                <span
                  className="MuiTouchRipple-root"
                />
              </a>
              <a
                aria-disabled={false}
                className="MuiButtonBase-root MuiButton-root MuiButton-contained makeStyles-signUpButtonLandingPage-11 MuiButton-containedSecondary"
                href="/signup"
                onBlur={[Function]}
                onClick={[Function]}
                onDragLeave={[Function]}
                onFocus={[Function]}
                onKeyDown={[Function]}
                onKeyUp={[Function]}
                onMouseDown={[Function]}
                onMouseLeave={[Function]}
                onMouseUp={[Function]}
                onTouchEnd={[Function]}
                onTouchMove={[Function]}
                onTouchStart={[Function]}
                role="button"
                tabIndex={0}
              >
                <span
                  className="MuiButton-label"
                >
                  Regístrate
                </span>
                <span
                  className="MuiTouchRipple-root"
                />
              </a>
            </div>
          </header>
        </div>
        <div
          className="makeStyles-landingContent-1"
        >
          <div
            className="MuiPaper-root MuiPaper-elevation10 makeStyles-landingPaper-2 MuiPaper-rounded"
          >
            <div
              className="MuiCardContent-root makeStyles-greetings-3"
            >
              <h3
                className="MuiTypography-root greeting-1 MuiTypography-h3"
              >
                !Cualquiera puede programar!
              </h3>
              <h5
                className="MuiTypography-root greeting-2 MuiTypography-h5"
              >
                Es más que una carrera...
              </h5>
              <h5
                className="MuiTypography-root greeting-25 MuiTypography-h5"
              >
                !Es una aventura¡
              </h5>
              <h5
                className="MuiTypography-root greeting-3 MuiTypography-h5"
              >
                Y aprender aquí está papita.
              </h5>
            </div>
            <h6
              className="MuiTypography-root makeStyles-greetingFour-4 MuiTypography-subtitle2"
            >
              ¿Ya tienes cuenta? Entra 
              <a
                className="makeStyles-cardLink-5"
                href="/signin"
                onClick={[Function]}
              >
                aquí.
              </a>
            </h6>
          </div>
          <div
            className="makeStyles-registration-6"
          >
            <div
              className="formContainer"
            >
              <form
                className="formComponent"
                noValidate={true}
                onSubmit={[Function]}
              >
                <div
                  className="form-group"
                >
                  <label
                    className="emailWord form-label"
                    htmlFor="inputEmail"
                  >
                    Email o Correo Electrónico
                  </label>
                  <input
                    className="form-control form-control-lg"
                    id="inputEmail"
                    name="email"
                    onChange={[Function]}
                    required={true}
                    type="email"
                    value=""
                  />
                  <div
                    className="invalid-feedback"
                  >
                    Can't be blank
                  </div>
                </div>
                <div
                  className="form-group"
                >
                  <label
                    className="form-label"
                    htmlFor="inputPasswordOne"
                  >
                    Contraseña
                  </label>
                  <input
                    className="form-control form-control-lg"
                    id="inputPasswordOne"
                    name="passwordOne"
                    onChange={[Function]}
                    required={true}
                    type="password"
                    value=""
                  />
                </div>
                <div
                  className="form-group"
                >
                  <label
                    className="form-label"
                    htmlFor="inputPasswordTwo"
                  >
                    Confirma tu contraseña
                  </label>
                  <input
                    className="form-control form-control-lg"
                    id="inputPasswordTwo"
                    name="passwordTwo"
                    onChange={[Function]}
                    required={true}
                    type="password"
                    value=""
                  />
                  <div
                    className="invalid-feedback"
                  >
                    La contraseña tiene que ser de al menos 6 caracteres.
                  </div>
                </div>
                <button
                  className="submit-btn btn btn-primary btn-block"
                  disabled={true}
                  style={
                    Object {
                      "color": "rgb(217, 217, 217, 0.4)",
                    }
                  }
                  type="submit"
                >
                  ¡A Programar!
                </button>
              </form>
            </div>
          </div>
        </div>
      </div>
    </div>
  </div>
</div>
`;
